../Core/Src/main.c:85:5:main	120	static
../Core/Src/main.c:182:6:SystemClock_Config	88	static
../Core/Src/main.c:227:6:PeriphCommonClock_Config	32	static
../Core/Src/main.c:248:13:MX_I2C1_Init	8	static
../Core/Src/main.c:282:13:MX_I2S2_Init	8	static
../Core/Src/main.c:316:13:MX_I2S3_Init	8	static
../Core/Src/main.c:350:13:MX_SPI1_Init	8	static
../Core/Src/main.c:388:13:MX_GPIO_Init	56	static
../Core/Src/main.c:479:6:Access_Function	16	static
../Core/Src/main.c:498:6:StartFlashGreenLedTask	16	static
../Core/Src/main.c:523:6:StartFlashRedLedTask	16	static
../Core/Src/main.c:547:6:StartFlashOrangeLedTask	16	static
../Core/Src/main.c:567:6:HAL_TIM_PeriodElapsedCallback	16	static
../Core/Src/main.c:584:6:Error_Handler	4	static,ignoring_inline_asm
