../Core/Src/main.c:82:5:main	88	static
../Core/Src/main.c:172:6:SystemClock_Config	88	static
../Core/Src/main.c:217:6:PeriphCommonClock_Config	32	static
../Core/Src/main.c:238:13:MX_I2C1_Init	8	static
../Core/Src/main.c:272:13:MX_I2S2_Init	8	static
../Core/Src/main.c:306:13:MX_I2S3_Init	8	static
../Core/Src/main.c:340:13:MX_SPI1_Init	8	static
../Core/Src/main.c:378:13:MX_GPIO_Init	56	static
../Core/Src/main.c:478:6:SensorMonitorTask	24	static
../Core/Src/main.c:518:6:AlarmingTask	32	static
../Core/Src/main.c:553:6:HAL_TIM_PeriodElapsedCallback	16	static
../Core/Src/main.c:570:6:Error_Handler	4	static,ignoring_inline_asm
