../Core/Src/main.c:81:5:main	72	static
../Core/Src/main.c:164:6:SystemClock_Config	88	static
../Core/Src/main.c:209:6:PeriphCommonClock_Config	32	static
../Core/Src/main.c:230:13:MX_I2C1_Init	8	static
../Core/Src/main.c:264:13:MX_I2S2_Init	8	static
../Core/Src/main.c:298:13:MX_I2S3_Init	8	static
../Core/Src/main.c:332:13:MX_SPI1_Init	8	static
../Core/Src/main.c:370:13:MX_GPIO_Init	56	static
../Core/Src/main.c:470:6:StartFlashGreenLedTask	16	static
../Core/Src/main.c:502:6:StartFlashRedLedTask	16	static
../Core/Src/main.c:535:6:HAL_TIM_PeriodElapsedCallback	16	static
../Core/Src/main.c:552:6:Error_Handler	4	static,ignoring_inline_asm
