15:28:07 **** Incremental Build of configuration Debug for project Ex11 ****
make -j8 all 
arm-none-eabi-gcc "../Core/Src/main.c" -mcpu=cortex-m4 -std=gnu11 -g3 -DDEBUG -DUSE_HAL_DRIVER -DSTM32F411xE -c -I../Core/Inc -I../Drivers/STM32F4xx_HAL_Driver/Inc -I../Drivers/STM32F4xx_HAL_Driver/Inc/Legacy -I../Middlewares/Third_Party/FreeRTOS/Source/include -I../Middlewares/Third_Party/FreeRTOS/Source/CMSIS_RTOS -I../Middlewares/Third_Party/FreeRTOS/Source/portable/GCC/ARM_CM4F -I../Drivers/CMSIS/Device/ST/STM32F4xx/Include -I../Drivers/CMSIS/Include -O0 -ffunction-sections -fdata-sections -Wall -fstack-usage -fcyclomatic-complexity -MMD -MP -MF"Core/Src/main.d" -MT"Core/Src/main.o" --specs=nano.specs -mfpu=fpv4-sp-d16 -mfloat-abi=hard -mthumb -o "Core/Src/main.o"
arm-none-eabi-g++ -o "Ex11.elf" @"objects.list"   -mcpu=cortex-m4 -T"C:\GitHub\CPET_461\Labs\Ex11\STM32F411VETX_FLASH.ld" --specs=nosys.specs -Wl,-Map="Ex11.map" -Wl,--gc-sections -static --specs=nano.specs -mfpu=fpv4-sp-d16 -mfloat-abi=hard -mthumb -Wl,--start-group -lc -lm -lstdc++ -lsupc++ -Wl,--end-group
Finished building target: Ex11.elf
 
arm-none-eabi-size  Ex11.elf 
arm-none-eabi-objdump -h -S Ex11.elf  > "Ex11.list"
   text	   data	    bss	    dec	    hex	filename
  24616	    104	  18672	  43392	   a980	Ex11.elf
Finished building: default.size.stdout
 
Finished building: Ex11.list
 

15:28:09 Build Finished. 0 errors, 0 warnings. (took 1s.237ms)

