../Core/Src/main.c:84:5:main	72	static
../Core/Src/main.c:167:6:SystemClock_Config	88	static
../Core/Src/main.c:212:6:PeriphCommonClock_Config	32	static
../Core/Src/main.c:233:13:MX_I2C1_Init	8	static
../Core/Src/main.c:267:13:MX_I2S2_Init	8	static
../Core/Src/main.c:301:13:MX_I2S3_Init	8	static
../Core/Src/main.c:335:13:MX_SPI1_Init	8	static
../Core/Src/main.c:373:13:MX_GPIO_Init	56	static
../Core/Src/main.c:464:6:Access_Function	16	static
../Core/Src/main.c:483:6:StartFlashGreenLedTask	16	static
../Core/Src/main.c:508:6:StartFlashRedLedTask	16	static
../Core/Src/main.c:534:6:HAL_TIM_PeriodElapsedCallback	16	static
../Core/Src/main.c:551:6:Error_Handler	4	static,ignoring_inline_asm
